
> dhomec@0.1.0 build
> next build

Γû▓ Next.js 16.1.4 (Turbopack)
- Environments: .env.local

npm : ΓÜá The 
"middleware" file 
convention is deprecated. 
Please use "proxy" 
instead. Learn more: https
://nextjs.org/docs/message
s/middleware-to-proxy
At line:1 char:1
+ npm run build 2>&1 | 
Out-File -FilePath 
build_output.txt 
-Encoding ut ...
+ ~~~~~~~~~~~~~~~~~~
    + CategoryInfo        
      : NotSpecified: (Γ  
  Üá The "middle...lewa   
 re-to-proxy:String) [    
], RemoteException
    + FullyQualifiedError 
   Id : NativeCommandErr  
  or
 
  Creating an optimized production build ...
